
 RUN  v4.1.11 /home/thuongvo/Developer/src/remote/github/Quizzivy/web

 ❯ tests/units/issue-audit-probes.test.tsx (4 tests | 1 failed) 247ms
   × #95: verify current runtime's relative and weekday casing 6ms

⎯⎯⎯⎯⎯⎯⎯ Failed Tests 1 ⎯⎯⎯⎯⎯⎯⎯

 FAIL  tests/units/issue-audit-probes.test.tsx > #95: verify current runtime's relative and weekday casing
AssertionError: expected 'Hôm qua' to be 'hôm qua' // Object.is equality

Expected: "hôm qua"
Received: "Hôm qua"

 ❯ tests/units/issue-audit-probes.test.tsx:36:65
     34|
     35| it("#95: verify current runtime's relative and weekday casing", () => {
     36|   expect(formatRelative(new Date(Date.now() - 86400000), "vi")).toBe("…
       |                                                                 ^
     37|   expect(formatMoment("2026-09-22T01:00:00Z", "vi")).toBe("08:00 · Thứ…
     38| });

⎯⎯⎯⎯⎯⎯⎯⎯⎯⎯⎯⎯⎯⎯⎯⎯⎯⎯⎯⎯⎯⎯⎯⎯[1/1]⎯


 Test Files  1 failed (1)
      Tests  1 failed | 3 passed (4)
   Start at  09:21:26
   Duration  5.70s (transform 233ms, setup 837ms, import 3.59s, tests 247ms, environment 808ms)

